[INFO] Scanning for projects...
[WARNING] 
[WARNING] Some problems were encountered while building the effective model for pe.edu.university:academico-backend:jar:1.0.0
[WARNING] 'build.plugins.plugin.version' for org.jacoco:jacoco-maven-plugin is missing. @ line 102, column 12
[WARNING] 
[WARNING] It is highly recommended to fix these problems because they threaten the stability of your build.
[WARNING] 
[WARNING] For this reason, future Maven versions might no longer support building such malformed projects.
[WARNING] 
[INFO] 
[INFO] ----------------< pe.edu.university:academico-backend >-----------------
[INFO] Building Spring Boot University Backend 1.0.0
[INFO] --------------------------------[ jar ]---------------------------------
[INFO] 
[INFO] --- jacoco-maven-plugin:0.8.14:prepare-agent (default) @ academico-backend ---
[INFO] argLine set to -javaagent:C:\\Users\\SHOWM\\.m2\\repository\\org\\jacoco\\org.jacoco.agent\\0.8.14\\org.jacoco.agent-0.8.14-runtime.jar=destfile=D:\\tools\\Proyectos\\Java\\academico-backend\\target\\jacoco.exec
[INFO] 
[INFO] --- maven-resources-plugin:3.3.1:resources (default-resources) @ academico-backend ---
[INFO] Copying 1 resource from src\main\resources to target\classes
[INFO] Copying 0 resource from src\main\resources to target\classes
[INFO] 
[INFO] --- maven-compiler-plugin:3.13.0:compile (default-compile) @ academico-backend ---
[INFO] Nothing to compile - all classes are up to date.
[INFO] 
[INFO] --- maven-resources-plugin:3.3.1:testResources (default-testResources) @ academico-backend ---
[INFO] skip non existing resourceDirectory D:\tools\Proyectos\Java\academico-backend\src\test\resources
[INFO] 
[INFO] --- maven-compiler-plugin:3.13.0:testCompile (default-testCompile) @ academico-backend ---
[INFO] Nothing to compile - all classes are up to date.
[INFO] 
[INFO] --- maven-surefire-plugin:3.2.5:test (default-test) @ academico-backend ---
[INFO] Using auto detected provider org.apache.maven.surefire.junitplatform.JUnitPlatformProvider
[INFO] 
[INFO] -------------------------------------------------------
[INFO]  T E S T S
[INFO] -------------------------------------------------------
[INFO] Running pe.edu.university.controller.EstudianteControllerIntegrationTest
20:23:30.671 [main] INFO org.springframework.test.context.support.AnnotationConfigContextLoaderUtils -- Could not detect default configuration classes for test class [pe.edu.university.controller.EstudianteControllerIntegrationTest]: EstudianteControllerIntegrationTest does not declare any static, non-private, non-final, nested classes annotated with @Configuration.
20:23:30.926 [main] INFO org.springframework.boot.test.context.SpringBootTestContextBootstrapper -- Found @SpringBootConfiguration pe.edu.university.UniversityApplication for test class pe.edu.university.controller.EstudianteControllerIntegrationTest

  .   ____          _            __ _ _
 /\\ / ___'_ __ _ _(_)_ __  __ _ \ \ \ \
( ( )\___ | '_ | '_| | '_ \/ _` | \ \ \ \
 \\/  ___)| |_)| | | | | || (_| |  ) ) ) )
  '  |____| .__|_| |_|_| |_\__, | / / / /
 =========|_|==============|___/=/_/_/_/

 :: Spring Boot ::                (v3.3.4)

2025-12-14T20:23:31.727-05:00  INFO 25020 --- [           main] .u.c.EstudianteControllerIntegrationTest : Starting EstudianteControllerIntegrationTest using Java 17.0.8 with PID 25020 (started by SHOWM in D:\tools\Proyectos\Java\academico-backend)
2025-12-14T20:23:31.729-05:00  INFO 25020 --- [           main] .u.c.EstudianteControllerIntegrationTest : No active profile set, falling back to 1 default profile: "default"
2025-12-14T20:23:33.235-05:00  INFO 25020 --- [           main] .s.d.r.c.RepositoryConfigurationDelegate : Bootstrapping Spring Data JPA repositories in DEFAULT mode.
2025-12-14T20:23:33.331-05:00  INFO 25020 --- [           main] .s.d.r.c.RepositoryConfigurationDelegate : Finished Spring Data repository scanning in 85 ms. Found 10 JPA repository interfaces.
2025-12-14T20:23:34.524-05:00  INFO 25020 --- [           main] o.hibernate.jpa.internal.util.LogHelper  : HHH000204: Processing PersistenceUnitInfo [name: default]
2025-12-14T20:23:34.652-05:00  INFO 25020 --- [           main] org.hibernate.Version                    : HHH000412: Hibernate ORM core version 6.5.3.Final
2025-12-14T20:23:34.730-05:00  INFO 25020 --- [           main] o.h.c.internal.RegionFactoryInitiator    : HHH000026: Second-level cache disabled
2025-12-14T20:23:35.183-05:00  INFO 25020 --- [           main] o.s.o.j.p.SpringPersistenceUnitInfo      : No LoadTimeWeaver setup: ignoring JPA class transformer
2025-12-14T20:23:35.229-05:00  INFO 25020 --- [           main] com.zaxxer.hikari.HikariDataSource       : HikariPool-1 - Starting...
2025-12-14T20:23:35.575-05:00  INFO 25020 --- [           main] com.zaxxer.hikari.pool.HikariPool        : HikariPool-1 - Added connection conn0: url=jdbc:h2:mem:academico_db user=SA
2025-12-14T20:23:35.577-05:00  INFO 25020 --- [           main] com.zaxxer.hikari.HikariDataSource       : HikariPool-1 - Start completed.
2025-12-14T20:23:35.611-05:00  WARN 25020 --- [           main] org.hibernate.orm.deprecation            : HHH90000025: H2Dialect does not need to be specified explicitly using 'hibernate.dialect' (remove the property setting and it will be selected by default)
2025-12-14T20:23:36.973-05:00  INFO 25020 --- [           main] o.h.e.t.j.p.i.JtaPlatformInitiator       : HHH000489: No JTA platform available (set 'hibernate.transaction.jta.platform' to enable JTA platform integration)
Hibernate: create table calificacion (calificacion_id bigint generated by default as identity, fecha_registro timestamp(6) with time zone, matricula_id bigint, nota numeric(38,2), observacion varchar(255), primary key (calificacion_id))
Hibernate: create table carrera (carrera_id bigint generated by default as identity, activo boolean, descripcion text, duracion_semestres integer, facultad_id bigint, fecha_registro timestamp(6) with time zone, nombre varchar(255), titulo_otorgado varchar(255), primary key (carrera_id))
Hibernate: create table curso (curso_id bigint generated by default as identity, activo boolean, carrera_id bigint, codigo varchar(255), creditos integer, descripcion text, fecha_registro timestamp(6) with time zone, nivel_semestre integer, nombre varchar(255), primary key (curso_id))
Hibernate: create table estudiante (estudiante_id bigint generated by default as identity, activo boolean, apellido varchar(255), direccion varchar(255), dni varchar(255), email varchar(255), fecha_nacimiento date, fecha_registro timestamp(6) with time zone, nombre varchar(255), telefono varchar(255), primary key (estudiante_id))
Hibernate: create table facultad (facultad_id bigint generated by default as identity, activo boolean, decano varchar(255), descripcion text, fecha_registro timestamp(6) with time zone, nombre varchar(255), ubicacion varchar(255), primary key (facultad_id))
Hibernate: create table matricula (matricula_id bigint generated by default as identity, costo numeric(38,2), estado varchar(255), estudiante_id bigint, fecha_matricula date, fecha_registro timestamp(6), metodo_pago varchar(255), seccion_id bigint, primary key (matricula_id))
Hibernate: create table pago (pago_id bigint generated by default as identity, estado varchar(255), fecha_pago date, fecha_registro timestamp(6) with time zone, matricula_id bigint, metodo_pago varchar(255), monto numeric(38,2), referencia varchar(255), primary key (pago_id))
Hibernate: create table prerrequisito (prerrequisito_id bigint generated by default as identity, curso_id bigint, curso_req_id bigint, fecha_registro timestamp(6) with time zone, primary key (prerrequisito_id))
Hibernate: create table profesor (profesor_id bigint generated by default as identity, activo boolean, apellido varchar(255), dni varchar(255), email varchar(255), especialidad varchar(255), fecha_registro timestamp(6) with time zone, nombre varchar(255), telefono varchar(255), titulo_academico varchar(255), primary key (profesor_id))
Hibernate: create table seccion (seccion_id bigint generated by default as identity, activo boolean, aula varchar(255), capacidad_maxima integer, codigo varchar(255), curso_id bigint, dias varchar(255), fecha_fin date, fecha_inicio date, fecha_registro timestamp(6) with time zone, horario varchar(255), periodo_academico varchar(255), profesor_id bigint, primary key (seccion_id))
Hibernate: alter table if exists calificacion add constraint FK4226yd84bamd7pbgvcvi26hi7 foreign key (matricula_id) references matricula
Hibernate: alter table if exists carrera add constraint FKgwomniyv7cfkcl7nlbvava8le foreign key (facultad_id) references facultad
Hibernate: alter table if exists curso add constraint FK8ltpnbhhb3ewajus3d1uhg2d1 foreign key (carrera_id) references carrera
Hibernate: alter table if exists matricula add constraint FK16g9x09tpqfc6g9wlngr7anld foreign key (estudiante_id) references estudiante
Hibernate: alter table if exists matricula add constraint FK5k9yexw3xxjtok4bjtcx7t0n2 foreign key (seccion_id) references seccion
Hibernate: alter table if exists pago add constraint FKhsk5yc1866pu6oks1hdrmhbse foreign key (matricula_id) references matricula
Hibernate: alter table if exists prerrequisito add constraint FKil0i2misj9vbrliubh9pl6xvx foreign key (curso_id) references curso
Hibernate: alter table if exists prerrequisito add constraint FK397k9xmjsy2d4vxypfcjm1u4f foreign key (curso_req_id) references curso
Hibernate: alter table if exists seccion add constraint FK57x5fh91d5qk0ti1c831f5dmc foreign key (curso_id) references curso
Hibernate: alter table if exists seccion add constraint FKcdnnkelmwp03e02slojf74rby foreign key (profesor_id) references profesor
2025-12-14T20:23:37.103-05:00  INFO 25020 --- [           main] j.LocalContainerEntityManagerFactoryBean : Initialized JPA EntityManagerFactory for persistence unit 'default'
2025-12-14T20:23:37.961-05:00  INFO 25020 --- [           main] o.s.d.j.r.query.QueryEnhancerFactory     : Hibernate is in classpath; If applicable, HQL parser will be used.
2025-12-14T20:23:39.239-05:00  WARN 25020 --- [           main] JpaBaseConfiguration$JpaWebConfiguration : spring.jpa.open-in-view is enabled by default. Therefore, database queries may be performed during view rendering. Explicitly configure spring.jpa.open-in-view to disable this warning
2025-12-14T20:23:40.297-05:00  INFO 25020 --- [           main] o.s.b.a.h2.H2ConsoleAutoConfiguration    : H2 console available at '/h2-console'. Database available at 'jdbc:h2:mem:academico_db'
2025-12-14T20:23:40.389-05:00  INFO 25020 --- [           main] o.s.b.t.m.w.SpringBootMockServletContext : Initializing Spring TestDispatcherServlet ''
2025-12-14T20:23:40.389-05:00  INFO 25020 --- [           main] o.s.t.web.servlet.TestDispatcherServlet  : Initializing Servlet ''
2025-12-14T20:23:40.399-05:00  INFO 25020 --- [           main] o.s.b.a.e.web.EndpointLinksResolver      : Exposing 1 endpoint beneath base path '/actuator'
2025-12-14T20:23:40.420-05:00  INFO 25020 --- [           main] o.s.t.web.servlet.TestDispatcherServlet  : Completed initialization in 28 ms
2025-12-14T20:23:40.512-05:00  INFO 25020 --- [           main] .u.c.EstudianteControllerIntegrationTest : Started EstudianteControllerIntegrationTest in 9.253 seconds (process running for 11.396)
Java HotSpot(TM) 64-Bit Server VM warning: Sharing is only supported for boot loader classes because bootstrap classpath has been appended
Hibernate: select e1_0.estudiante_id,e1_0.activo,e1_0.apellido,e1_0.direccion,e1_0.dni,e1_0.email,e1_0.fecha_nacimiento,e1_0.fecha_registro,e1_0.nombre,e1_0.telefono from estudiante e1_0
Hibernate: insert into estudiante (activo,apellido,direccion,dni,email,fecha_nacimiento,fecha_registro,nombre,telefono,estudiante_id) values (?,?,?,?,?,?,?,?,?,default)
Hibernate: select e1_0.estudiante_id,e1_0.activo,e1_0.apellido,e1_0.direccion,e1_0.dni,e1_0.email,e1_0.fecha_nacimiento,e1_0.fecha_registro,e1_0.nombre,e1_0.telefono from estudiante e1_0 where e1_0.estudiante_id=?

MockHttpServletRequest:
      HTTP Method = PUT
      Request URI = /api/estudiantes/1
       Parameters = {}
          Headers = [Content-Type:"application/json;charset=UTF-8", Content-Length:"112"]
             Body = {"estudianteId":1,"nombre":"Luis Updated","apellido":"Diaz","dni":"99999999","email":"luis.updated@example.com"}
    Session Attrs = {}

Handler:
             Type = pe.edu.university.controller.EstudianteController
           Method = pe.edu.university.controller.EstudianteController#update(Long, EstudianteDto)

Async:
    Async started = false
     Async result = null

Resolved Exception:
             Type = null

ModelAndView:
        View name = null
             View = null
            Model = null

FlashMap:
       Attributes = null

MockHttpServletResponse:
           Status = 200
    Error message = null
          Headers = [Content-Type:"application/json"]
     Content type = application/json
             Body = {"estudianteId":1,"nombre":"Luis","apellido":"Diaz","dni":"99999999","email":"luis@example.com"}
    Forwarded URL = null
   Redirected URL = null
          Cookies = []

MockHttpServletRequest:
      HTTP Method = POST
      Request URI = /api/estudiantes
       Parameters = {}
          Headers = [Content-Type:"application/json;charset=UTF-8", Content-Length:"99"]
             Body = {"estudianteId":null,"nombre":"Luis","apellido":"Diaz","dni":"99999999","email":"luis@example.com"}
    Session Attrs = {}

Handler:
             Type = pe.edu.university.controller.EstudianteController
           Method = pe.edu.university.controller.EstudianteController#create(EstudianteDto)

Async:
    Async started = false
     Async result = null

Resolved Exception:
             Type = null

ModelAndView:
        View name = null
             View = null
            Model = null

FlashMap:
       Attributes = null

MockHttpServletResponse:
           Status = 200
    Error message = null
          Headers = [Content-Type:"application/json"]
     Content type = application/json
             Body = {"estudianteId":1,"nombre":"Luis","apellido":"Diaz","dni":"99999999","email":"luis@example.com"}
    Forwarded URL = null
   Redirected URL = null
          Cookies = []

MockHttpServletRequest:
      HTTP Method = PUT
      Request URI = /api/estudiantes/1
       Parameters = {}
          Headers = [Content-Type:"application/json;charset=UTF-8", Content-Length:"112"]
             Body = {"estudianteId":1,"nombre":"Luis Updated","apellido":"Diaz","dni":"99999999","email":"luis.updated@example.com"}
    Session Attrs = {}

Handler:
             Type = pe.edu.university.controller.EstudianteController
           Method = pe.edu.university.controller.EstudianteController#update(Long, EstudianteDto)

Async:
    Async started = false
     Async result = null

Resolved Exception:
             Type = null

ModelAndView:
        View name = null
             View = null
            Model = null

FlashMap:
       Attributes = null

MockHttpServletResponse:
           Status = 200
    Error message = null
          Headers = [Content-Type:"application/json"]
     Content type = application/json
             Body = {"estudianteId":1,"nombre":"Luis","apellido":"Diaz","dni":"99999999","email":"luis@example.com"}
    Forwarded URL = null
   Redirected URL = null
          Cookies = []
Hibernate: select e1_0.estudiante_id,e1_0.activo,e1_0.apellido,e1_0.direccion,e1_0.dni,e1_0.email,e1_0.fecha_nacimiento,e1_0.fecha_registro,e1_0.nombre,e1_0.telefono from estudiante e1_0
Hibernate: delete from estudiante where estudiante_id=?
Hibernate: insert into estudiante (activo,apellido,direccion,dni,email,fecha_nacimiento,fecha_registro,nombre,telefono,estudiante_id) values (?,?,?,?,?,?,?,?,?,default)

MockHttpServletRequest:
      HTTP Method = POST
      Request URI = /api/estudiantes
       Parameters = {}
          Headers = [Content-Type:"application/json;charset=UTF-8", Content-Length:"106"]
             Body = {"estudianteId":null,"nombre":"Juan","apellido":"Perez","dni":"12345678","email":"juan.perez@example.com"}
    Session Attrs = {}

Handler:
             Type = pe.edu.university.controller.EstudianteController
           Method = pe.edu.university.controller.EstudianteController#create(EstudianteDto)

Async:
    Async started = false
     Async result = null

Resolved Exception:
             Type = null

ModelAndView:
        View name = null
             View = null
            Model = null

FlashMap:
       Attributes = null

MockHttpServletResponse:
           Status = 200
    Error message = null
          Headers = [Content-Type:"application/json"]
     Content type = application/json
             Body = {"estudianteId":2,"nombre":"Juan","apellido":"Perez","dni":"12345678","email":"juan.perez@example.com"}
    Forwarded URL = null
   Redirected URL = null
          Cookies = []
Hibernate: select e1_0.estudiante_id,e1_0.activo,e1_0.apellido,e1_0.direccion,e1_0.dni,e1_0.email,e1_0.fecha_nacimiento,e1_0.fecha_registro,e1_0.nombre,e1_0.telefono from estudiante e1_0
Hibernate: delete from estudiante where estudiante_id=?
Hibernate: insert into estudiante (activo,apellido,direccion,dni,email,fecha_nacimiento,fecha_registro,nombre,telefono,estudiante_id) values (?,?,?,?,?,?,?,?,?,default)
Hibernate: select e1_0.estudiante_id,e1_0.activo,e1_0.apellido,e1_0.direccion,e1_0.dni,e1_0.email,e1_0.fecha_nacimiento,e1_0.fecha_registro,e1_0.nombre,e1_0.telefono from estudiante e1_0 where e1_0.estudiante_id=?

MockHttpServletRequest:
      HTTP Method = GET
      Request URI = /api/estudiantes/3
       Parameters = {}
          Headers = []
             Body = null
    Session Attrs = {}

Handler:
             Type = pe.edu.university.controller.EstudianteController
           Method = pe.edu.university.controller.EstudianteController#getById(Long)

Async:
    Async started = false
     Async result = null

Resolved Exception:
             Type = null

ModelAndView:
        View name = null
             View = null
            Model = null

FlashMap:
       Attributes = null

MockHttpServletResponse:
           Status = 200
    Error message = null
          Headers = [Content-Type:"application/json"]
     Content type = application/json
             Body = {"estudianteId":3,"nombre":"Ana","apellido":"Torres","dni":"55555555","email":"ana@example.com"}
    Forwarded URL = null
   Redirected URL = null
          Cookies = []
Hibernate: select e1_0.estudiante_id,e1_0.activo,e1_0.apellido,e1_0.direccion,e1_0.dni,e1_0.email,e1_0.fecha_nacimiento,e1_0.fecha_registro,e1_0.nombre,e1_0.telefono from estudiante e1_0
Hibernate: delete from estudiante where estudiante_id=?
Hibernate: insert into estudiante (activo,apellido,direccion,dni,email,fecha_nacimiento,fecha_registro,nombre,telefono,estudiante_id) values (?,?,?,?,?,?,?,?,?,default)
Hibernate: insert into estudiante (activo,apellido,direccion,dni,email,fecha_nacimiento,fecha_registro,nombre,telefono,estudiante_id) values (?,?,?,?,?,?,?,?,?,default)
Hibernate: select e1_0.estudiante_id,e1_0.activo,e1_0.apellido,e1_0.direccion,e1_0.dni,e1_0.email,e1_0.fecha_nacimiento,e1_0.fecha_registro,e1_0.nombre,e1_0.telefono from estudiante e1_0

MockHttpServletRequest:
      HTTP Method = GET
      Request URI = /api/estudiantes
       Parameters = {}
          Headers = []
             Body = null
    Session Attrs = {}

Handler:
             Type = pe.edu.university.controller.EstudianteController
           Method = pe.edu.university.controller.EstudianteController#getAll()

Async:
    Async started = false
     Async result = null

Resolved Exception:
             Type = null

ModelAndView:
        View name = null
             View = null
            Model = null

FlashMap:
       Attributes = null

MockHttpServletResponse:
           Status = 200
    Error message = null
          Headers = [Content-Type:"application/json"]
     Content type = application/json
             Body = [{"estudianteId":4,"nombre":"Maria","apellido":"Lopez","dni":"87654321","email":"maria@example.com"},{"estudianteId":5,"nombre":"Carlos","apellido":"Gomez","dni":"11223344","email":"carlos@example.com"}]
    Forwarded URL = null
   Redirected URL = null
          Cookies = []
Hibernate: select e1_0.estudiante_id,e1_0.activo,e1_0.apellido,e1_0.direccion,e1_0.dni,e1_0.email,e1_0.fecha_nacimiento,e1_0.fecha_registro,e1_0.nombre,e1_0.telefono from estudiante e1_0
Hibernate: delete from estudiante where estudiante_id=?
Hibernate: delete from estudiante where estudiante_id=?
Hibernate: insert into estudiante (activo,apellido,direccion,dni,email,fecha_nacimiento,fecha_registro,nombre,telefono,estudiante_id) values (?,?,?,?,?,?,?,?,?,default)
Hibernate: select e1_0.estudiante_id,e1_0.activo,e1_0.apellido,e1_0.direccion,e1_0.dni,e1_0.email,e1_0.fecha_nacimiento,e1_0.fecha_registro,e1_0.nombre,e1_0.telefono from estudiante e1_0 where e1_0.estudiante_id=?
Hibernate: delete from estudiante where estudiante_id=?
Hibernate: select e1_0.estudiante_id,e1_0.activo,e1_0.apellido,e1_0.direccion,e1_0.dni,e1_0.email,e1_0.fecha_nacimiento,e1_0.fecha_registro,e1_0.nombre,e1_0.telefono from estudiante e1_0 where e1_0.estudiante_id=?
[ERROR] Tests run: 5, Failures: 1, Errors: 0, Skipped: 0, Time elapsed: 11.28 s <<< FAILURE! -- in pe.edu.university.controller.EstudianteControllerIntegrationTest
[ERROR] pe.edu.university.controller.EstudianteControllerIntegrationTest.updateEstudiante_ShouldReturnUpdatedEstudiante -- Time elapsed: 0.824 s <<< FAILURE!
java.lang.AssertionError: 
JSON path "$.nombre"
Expected: is "Luis Updated"
     but: was "Luis"
	at org.hamcrest.MatcherAssert.assertThat(MatcherAssert.java:20)
	at org.springframework.test.util.JsonPathExpectationsHelper.assertValue(JsonPathExpectationsHelper.java:74)
	at org.springframework.test.web.servlet.result.JsonPathResultMatchers.lambda$value$0(JsonPathResultMatchers.java:87)
	at org.springframework.test.web.servlet.MockMvc$1.andExpect(MockMvc.java:214)
	at pe.edu.university.controller.EstudianteControllerIntegrationTest.updateEstudiante_ShouldReturnUpdatedEstudiante(EstudianteControllerIntegrationTest.java:93)
	at java.base/java.lang.reflect.Method.invoke(Method.java:568)
	at java.base/java.util.ArrayList.forEach(ArrayList.java:1511)
	at java.base/java.util.ArrayList.forEach(ArrayList.java:1511)

[INFO] 
[INFO] Results:
[INFO] 
[ERROR] Failures: 
[ERROR]   EstudianteControllerIntegrationTest.updateEstudiante_ShouldReturnUpdatedEstudiante:93 JSON path "$.nombre"
Expected: is "Luis Updated"
     but: was "Luis"
[INFO] 
[ERROR] Tests run: 5, Failures: 1, Errors: 0, Skipped: 0
[INFO] 
[INFO] ------------------------------------------------------------------------
[INFO] BUILD FAILURE
[INFO] ------------------------------------------------------------------------
[INFO] Total time:  14.644 s
[INFO] Finished at: 2025-12-14T20:23:41-05:00
[INFO] ------------------------------------------------------------------------
[ERROR] Failed to execute goal org.apache.maven.plugins:maven-surefire-plugin:3.2.5:test (default-test) on project academico-backend: There are test failures.
[ERROR] 
[ERROR] Please refer to D:\tools\Proyectos\Java\academico-backend\target\surefire-reports for the individual test results.
[ERROR] Please refer to dump files (if any exist) [date].dump, [date]-jvmRun[N].dump and [date].dumpstream.
[ERROR] -> [Help 1]
[ERROR] 
[ERROR] To see the full stack trace of the errors, re-run Maven with the -e switch.
[ERROR] Re-run Maven using the -X switch to enable full debug logging.
[ERROR] 
[ERROR] For more information about the errors and possible solutions, please read the following articles:
[ERROR] [Help 1] http://cwiki.apache.org/confluence/display/MAVEN/MojoFailureException
